###############################################################################
#                                                                             #
# IAR ELF Linker V6.50.3.4676/W32 for ARM               29/Apr/2015  18:44:12 #
# Copyright 2007-2013 IAR Systems AB.                                         #
#                                                                             #
#    Output file  =  C:\arm_dev\stm32f0\stm32f0discovery_fw\STM32F0-Discovery #
#                    _FW_V1.0.0\Project\Peripheral_Examples\IO_Toggle\EWARM\I #
#                    O_Toggle\Exe\IO_Toggle.out                               #
#    Map file     =  C:\arm_dev\stm32f0\stm32f0discovery_fw\STM32F0-Discovery #
#                    _FW_V1.0.0\Project\Peripheral_Examples\IO_Toggle\EWARM\I #
#                    O_Toggle\List\IO_Toggle.map                              #
#    Command line =  C:\arm_dev\stm32f0\stm32f0discovery_fw\STM32F0-Discovery #
#                    _FW_V1.0.0\Project\Peripheral_Examples\IO_Toggle\EWARM\I #
#                    O_Toggle\Obj\main.o C:\arm_dev\stm32f0\stm32f0discovery_ #
#                    fw\STM32F0-Discovery_FW_V1.0.0\Project\Peripheral_Exampl #
#                    es\IO_Toggle\EWARM\IO_Toggle\Obj\startup_stm32f0xx.o     #
#                    C:\arm_dev\stm32f0\stm32f0discovery_fw\STM32F0-Discovery #
#                    _FW_V1.0.0\Project\Peripheral_Examples\IO_Toggle\EWARM\I #
#                    O_Toggle\Obj\stm32f0_discovery.o                         #
#                    C:\arm_dev\stm32f0\stm32f0discovery_fw\STM32F0-Discovery #
#                    _FW_V1.0.0\Project\Peripheral_Examples\IO_Toggle\EWARM\I #
#                    O_Toggle\Obj\stm32f0xx_gpio.o                            #
#                    C:\arm_dev\stm32f0\stm32f0discovery_fw\STM32F0-Discovery #
#                    _FW_V1.0.0\Project\Peripheral_Examples\IO_Toggle\EWARM\I #
#                    O_Toggle\Obj\stm32f0xx_it.o                              #
#                    C:\arm_dev\stm32f0\stm32f0discovery_fw\STM32F0-Discovery #
#                    _FW_V1.0.0\Project\Peripheral_Examples\IO_Toggle\EWARM\I #
#                    O_Toggle\Obj\stm32f0xx_misc.o                            #
#                    C:\arm_dev\stm32f0\stm32f0discovery_fw\STM32F0-Discovery #
#                    _FW_V1.0.0\Project\Peripheral_Examples\IO_Toggle\EWARM\I #
#                    O_Toggle\Obj\stm32f0xx_rcc.o                             #
#                    C:\arm_dev\stm32f0\stm32f0discovery_fw\STM32F0-Discovery #
#                    _FW_V1.0.0\Project\Peripheral_Examples\IO_Toggle\EWARM\I #
#                    O_Toggle\Obj\system_stm32f0xx.o --redirect               #
#                    _Printf=_PrintfSmall --redirect _Scanf=_ScanfSmall -o    #
#                    C:\arm_dev\stm32f0\stm32f0discovery_fw\STM32F0-Discovery #
#                    _FW_V1.0.0\Project\Peripheral_Examples\IO_Toggle\EWARM\I #
#                    O_Toggle\Exe\IO_Toggle.out --map                         #
#                    C:\arm_dev\stm32f0\stm32f0discovery_fw\STM32F0-Discovery #
#                    _FW_V1.0.0\Project\Peripheral_Examples\IO_Toggle\EWARM\I #
#                    O_Toggle\List\IO_Toggle.map --config                     #
#                    C:\arm_dev\stm32f0\stm32f0discovery_fw\STM32F0-Discovery #
#                    _FW_V1.0.0\Project\Peripheral_Examples\IO_Toggle\EWARM\s #
#                    tm32f0xx_flash.icf --semihosting --entry                 #
#                    __iar_program_start --vfe                                #
#                                                                             #
#                                                                             #
###############################################################################

*******************************************************************************
*** RUNTIME MODEL ATTRIBUTES
***

CppFlavor       = *
__SystemLibrary = DLib


*******************************************************************************
*** PLACEMENT SUMMARY
***

"A1":  place at 0x08000000 { ro section .intvec };
"P1":  place in [from 0x08000000 to 0x0800ffff] { ro };
"P2":  place in [from 0x20000000 to 0x20001fff] { rw, block CSTACK, block HEAP };

  Section          Kind        Address    Size  Object
  -------          ----        -------    ----  ------
"A1":                                     0xc0
  .intvec          ro code  0x08000000    0xc0  startup_stm32f0xx.o [1]
                          - 0x080000c0    0xc0

"P1":                                   0x141c
  .text            ro code  0x080000c0  0x1198  main.o [1]
  .text            ro code  0x08001258    0x7a  stm32f0xx_gpio.o [1]
  .text            ro code  0x080012d2    0x2a  zero_init3.o [4]
  .text            ro code  0x080012fc    0x18  stm32f0xx_rcc.o [1]
  .text            ro code  0x08001314    0xe8  system_stm32f0xx.o [1]
  .text            ro code  0x080013fc    0x28  data_init.o [4]
  .iar.init_table  const    0x08001424    0x10  - Linker created -
  .text            ro code  0x08001434    0x16  cmain.o [4]
  .text            ro code  0x0800144a     0x4  low_level_init.o [3]
  .text            ro code  0x0800144e     0x8  exit.o [3]
  .text            ro code  0x08001456     0x2  startup_stm32f0xx.o [1]
  .text            ro code  0x08001458     0xa  cexit.o [4]
  .text            ro code  0x08001462     0x2  startup_stm32f0xx.o [1]
  .text            ro code  0x08001464    0x14  exit.o [5]
  .text            ro code  0x08001478    0x10  startup_stm32f0xx.o [1]
  .text            ro code  0x08001488    0x10  stm32f0xx_it.o [1]
  .text            ro code  0x08001498     0xc  cstartup_M.o [4]
  .text            ro code  0x080014a4     0x2  startup_stm32f0xx.o [1]
  .text            ro code  0x080014a6     0x2  startup_stm32f0xx.o [1]
  .text            ro code  0x080014a8     0x2  startup_stm32f0xx.o [1]
  .text            ro code  0x080014aa     0x2  startup_stm32f0xx.o [1]
  .text            ro code  0x080014ac     0x2  startup_stm32f0xx.o [1]
  .text            ro code  0x080014ae     0x2  startup_stm32f0xx.o [1]
  .text            ro code  0x080014b0     0x2  startup_stm32f0xx.o [1]
  .text            ro code  0x080014b2     0x2  startup_stm32f0xx.o [1]
  .text            ro code  0x080014b4     0x2  startup_stm32f0xx.o [1]
  .text            ro code  0x080014b6     0x2  startup_stm32f0xx.o [1]
  .text            ro code  0x080014b8     0x2  startup_stm32f0xx.o [1]
  .text            ro code  0x080014ba     0x2  startup_stm32f0xx.o [1]
  .text            ro code  0x080014bc     0x2  startup_stm32f0xx.o [1]
  .text            ro code  0x080014be     0x2  startup_stm32f0xx.o [1]
  .text            ro code  0x080014c0     0x2  startup_stm32f0xx.o [1]
  .text            ro code  0x080014c2     0x2  startup_stm32f0xx.o [1]
  .text            ro code  0x080014c4     0x2  startup_stm32f0xx.o [1]
  .text            ro code  0x080014c6     0x2  startup_stm32f0xx.o [1]
  .text            ro code  0x080014c8     0x2  startup_stm32f0xx.o [1]
  .text            ro code  0x080014ca     0x2  startup_stm32f0xx.o [1]
  .text            ro code  0x080014cc     0x2  startup_stm32f0xx.o [1]
  .text            ro code  0x080014ce     0x2  startup_stm32f0xx.o [1]
  .text            ro code  0x080014d0     0x2  startup_stm32f0xx.o [1]
  .text            ro code  0x080014d2     0x2  startup_stm32f0xx.o [1]
  .text            ro code  0x080014d4     0x2  startup_stm32f0xx.o [1]
  .text            ro code  0x080014d6     0x2  startup_stm32f0xx.o [1]
  .text            ro code  0x080014d8     0x2  startup_stm32f0xx.o [1]
  .rodata          const    0x080014da     0x0  zero_init3.o [4]
                          - 0x080014da  0x141a

"P2", part 1 of 2:                        0x68
  .bss             zero     0x20000000    0x5c  main.o [1]
  .bss             zero     0x2000005c     0x8  main.o [1]
  .bss             zero     0x20000064     0x4  main.o [1]
                          - 0x20000068    0x68

"P2", part 2 of 2:                       0x400
  CSTACK                    0x20000068   0x400  <Block>
    CSTACK         uninit   0x20000068   0x400  <Block tail>
                          - 0x20000468   0x400


*******************************************************************************
*** INIT TABLE
***

          Address     Size
          -------     ----
Zero (__iar_zero_init3)
    1 destination range, total size 0x68:
          0x20000000  0x68



*******************************************************************************
*** MODULE SUMMARY
***

    Module               ro code  ro data  rw data
    ------               -------  -------  -------
C:\arm_dev\stm32f0\stm32f0discovery_fw\STM32F0-Discovery_FW_V1.0.0\Project\Peripheral_Examples\IO_Toggle\EWARM\IO_Toggle\Obj: [1]
    main.o                 4 504               104
    startup_stm32f0xx.o      266
    stm32f0xx_gpio.o         122
    stm32f0xx_it.o            16
    stm32f0xx_rcc.o           24
    system_stm32f0xx.o       232
    ----------------------------------------------
    Total:                 5 164               104

command line: [2]
    ----------------------------------------------
    Total:

dl6M_tln.a: [3]
    exit.o                     8
    low_level_init.o           4
    ----------------------------------------------
    Total:                    12

rt6M_tl.a: [4]
    cexit.o                   10
    cmain.o                   22
    cstartup_M.o              12
    data_init.o               40
    zero_init3.o              42
    ----------------------------------------------
    Total:                   126

shb_l.a: [5]
    exit.o                    20
    ----------------------------------------------
    Total:                    20

    Linker created                     16    1 024
--------------------------------------------------
    Grand Total:           5 322       16    1 128


*******************************************************************************
*** ENTRY LIST
***

Entry                     Address   Size  Type      Object
-----                     -------   ----  ----      ------
?main                  0x08001435         Code  Gb  cmain.o [4]
ADC1_COMP_IRQHandler   0x080014b9         Code  Wk  startup_stm32f0xx.o [1]
CEC_IRQHandler         0x080014d9         Code  Wk  startup_stm32f0xx.o [1]
CSTACK$$Base           0x20000068          --   Gb  - Linker created -
CSTACK$$Limit          0x20000468          --   Gb  - Linker created -
Clear_latch            0x080000d7   0x10  Code  Gb  main.o [1]
DMA1_Channel1_IRQHandler
                       0x080014b3         Code  Wk  startup_stm32f0xx.o [1]
DMA1_Channel2_3_IRQHandler
                       0x080014b5         Code  Wk  startup_stm32f0xx.o [1]
DMA1_Channel4_5_IRQHandler
                       0x080014b7         Code  Wk  startup_stm32f0xx.o [1]
Delay                  0x080000c1   0x16  Code  Gb  main.o [1]
EXTI0_1_IRQHandler     0x080014ab         Code  Wk  startup_stm32f0xx.o [1]
EXTI2_3_IRQHandler     0x080014ad         Code  Wk  startup_stm32f0xx.o [1]
EXTI4_15_IRQHandler    0x080014af         Code  Wk  startup_stm32f0xx.o [1]
FLASH_IRQHandler       0x080014a7         Code  Wk  startup_stm32f0xx.o [1]
GPIO_Init              0x08001259   0x6a  Code  Gb  stm32f0xx_gpio.o [1]
GPIO_InitStructure     0x2000005c    0x8  Data  Gb  main.o [1]
GPIO_ReadInputDataBit  0x080012c3    0x8  Code  Gb  stm32f0xx_gpio.o [1]
HardFault_Handler      0x0800148b    0x2  Code  Gb  stm32f0xx_it.o [1]
I2C1_IRQHandler        0x080014cd         Code  Wk  startup_stm32f0xx.o [1]
I2C2_IRQHandler        0x080014cf         Code  Wk  startup_stm32f0xx.o [1]
NMI_Handler            0x08001489    0x2  Code  Gb  stm32f0xx_it.o [1]
PVD_IRQHandler         0x08001463         Code  Wk  startup_stm32f0xx.o [1]
PendSV_Handler         0x0800148f    0x2  Code  Gb  stm32f0xx_it.o [1]
RCC_AHBPeriphClockCmd  0x080012fd   0x14  Code  Gb  stm32f0xx_rcc.o [1]
RCC_IRQHandler         0x080014a9         Code  Wk  startup_stm32f0xx.o [1]
RTC_IRQHandler         0x080014a5         Code  Wk  startup_stm32f0xx.o [1]
Region$$Table$$Base    0x08001424          --   Gb  - Linker created -
Region$$Table$$Limit   0x08001434          --   Gb  - Linker created -
Reset_Handler          0x08001479         Code  Wk  startup_stm32f0xx.o [1]
SPI1_IRQHandler        0x080014d1         Code  Wk  startup_stm32f0xx.o [1]
SPI2_IRQHandler        0x080014d3         Code  Wk  startup_stm32f0xx.o [1]
SVC_Handler            0x0800148d    0x2  Code  Gb  stm32f0xx_it.o [1]
Segment_flip           0x080000e7   0x3e  Code  Gb  main.o [1]
SysTick_Handler        0x08001491    0x8  Code  Gb  stm32f0xx_it.o [1]
SystemInit             0x08001315   0xcc  Code  Gb  system_stm32f0xx.o [1]
TIM14_IRQHandler       0x080014c5         Code  Wk  startup_stm32f0xx.o [1]
TIM15_IRQHandler       0x080014c7         Code  Wk  startup_stm32f0xx.o [1]
TIM16_IRQHandler       0x080014c9         Code  Wk  startup_stm32f0xx.o [1]
TIM17_IRQHandler       0x080014cb         Code  Wk  startup_stm32f0xx.o [1]
TIM1_BRK_UP_TRG_COM_IRQHandler
                       0x080014bb         Code  Wk  startup_stm32f0xx.o [1]
TIM1_CC_IRQHandler     0x080014bd         Code  Wk  startup_stm32f0xx.o [1]
TIM2_IRQHandler        0x080014bf         Code  Wk  startup_stm32f0xx.o [1]
TIM3_IRQHandler        0x080014c1         Code  Wk  startup_stm32f0xx.o [1]
TIM6_DAC_IRQHandler    0x080014c3         Code  Wk  startup_stm32f0xx.o [1]
TS_IRQHandler          0x080014b1         Code  Wk  startup_stm32f0xx.o [1]
USART1_IRQHandler      0x080014d5         Code  Wk  startup_stm32f0xx.o [1]
USART2_IRQHandler      0x080014d7         Code  Wk  startup_stm32f0xx.o [1]
WWDG_IRQHandler        0x08001457         Code  Wk  startup_stm32f0xx.o [1]
__ICFEDIT_region_RAM_end__ {Abs}
                       0x20001fff          --   Gb  command line/config [2]
__ICFEDIT_region_RAM_start__ {Abs}
                       0x20000000          --   Gb  command line/config [2]
__cmain                0x08001435         Code  Gb  cmain.o [4]
__exit                 0x08001465   0x14  Code  Gb  exit.o [5]
__iar_data_init3       0x080013fd   0x28  Code  Gb  data_init.o [4]
__iar_program_start    0x08001499         Code  Gb  cstartup_M.o [4]
__iar_zero_init3       0x080012d3   0x2a  Code  Gb  zero_init3.o [4]
__low_level_init       0x0800144b    0x4  Code  Gb  low_level_init.o [3]
__vector_table         0x08000000         Data  Gb  startup_stm32f0xx.o [1]
_call_main             0x08001441         Code  Gb  cmain.o [4]
_exit                  0x08001459         Code  Gb  cexit.o [4]
_main                  0x08001447         Code  Gb  cmain.o [4]
backup_key             0x20000034    0x4  Data  Gb  main.o [1]
blank                  0x08000325   0x30  Code  Gb  main.o [1]
buzzed                 0x20000048    0x4  Data  Gb  main.o [1]
clear_digit            0x08000951   0x4e  Code  Gb  main.o [1]
cont                   0x2000003c    0x4  Data  Gb  main.o [1]
count_down             0x08000233   0xd2  Code  Gb  main.o [1]
count_up               0x08000167   0xcc  Code  Gb  main.o [1]
counter                0x20000058    0x4  Data  Gb  main.o [1]
down_eight             0x0800115f   0x2a  Code  Gb  main.o [1]
down_five              0x08001085   0x44  Code  Gb  main.o [1]
down_four              0x08001049   0x3c  Code  Gb  main.o [1]
down_nine              0x08001189   0x2a  Code  Gb  main.o [1]
down_one               0x08000fc9   0x3c  Code  Gb  main.o [1]
down_seven             0x08001119    0xe  Code  Gb  main.o [1]
down_six               0x080010c9   0x50  Code  Gb  main.o [1]
down_three             0x08001025   0x24  Code  Gb  main.o [1]
down_two               0x08001009   0x1c  Code  Gb  main.o [1]
down_zero              0x08000f87   0x42  Code  Gb  main.o [1]
enter                  0x08000355  0x13c  Code  Gb  main.o [1]
exit                   0x0800144f    0x8  Code  Gb  exit.o [3]
fast                   0x20000064    0x4  Data  Gb  main.o [1]
first                  0x20000054    0x4  Data  Gb  main.o [1]
force_current          0x080006e3    0xe  Code  Gb  main.o [1]
is_valid               0x080004df   0x3c  Code  Gb  main.o [1]
key                    0x20000030    0x4  Data  Gb  main.o [1]
key_changed            0x20000038    0x4  Data  Gb  main.o [1]
keypad                 0x080006f5  0x250  Code  Gb  main.o [1]
main                   0x080011c1   0x78  Code  Gb  main.o [1]
num_in                 0x08000491   0x4e  Code  Gb  main.o [1]
pause                  0x08000305    0xc  Code  Gb  main.o [1]
paused                 0x20000040    0x4  Data  Gb  main.o [1]
push_new               0x0800051b   0x20  Code  Gb  main.o [1]
push_update            0x08000549  0x188  Code  Gb  main.o [1]
reset                  0x0800013d   0x2a  Code  Gb  main.o [1]
reset_flag             0x20000044    0x4  Data  Gb  main.o [1]
set_eight              0x08000cf5   0x62  Code  Gb  main.o [1]
set_five               0x08000bad   0x6c  Code  Gb  main.o [1]
set_four               0x08000b41   0x6c  Code  Gb  main.o [1]
set_nine               0x08000d57   0x6c  Code  Gb  main.o [1]
set_one                0x08000a0b   0x6c  Code  Gb  main.o [1]
set_seven              0x08000c85   0x6c  Code  Gb  main.o [1]
set_six                0x08000c19   0x6c  Code  Gb  main.o [1]
set_three              0x08000ad9   0x62  Code  Gb  main.o [1]
set_two                0x08000a77   0x62  Code  Gb  main.o [1]
set_zero               0x0800099f   0x6c  Code  Gb  main.o [1]
systick_count          0x2000004c    0x4  Data  Gb  main.o [1]
systick_counter        0x08000125   0x18  Code  Gb  main.o [1]
time                   0x20000000   0x18  Data  Gb  main.o [1]
up_eight               0x08000f2f   0x10  Code  Gb  main.o [1]
up_five                0x08000ea3   0x24  Code  Gb  main.o [1]
up_four                0x08000e7d   0x26  Code  Gb  main.o [1]
up_nine                0x08000f3f   0x1c  Code  Gb  main.o [1]
up_one                 0x08000dc3   0x4a  Code  Gb  main.o [1]
up_seven               0x08000edd   0x52  Code  Gb  main.o [1]
up_six                 0x08000ec7   0x16  Code  Gb  main.o [1]
up_three               0x08000e61   0x1c  Code  Gb  main.o [1]
up_two                 0x08000e0d   0x54  Code  Gb  main.o [1]
up_zero                0x08000f5b   0x2c  Code  Gb  main.o [1]
update                 0x20000018   0x18  Data  Gb  main.o [1]
update_all             0x080006d1   0x12  Code  Gb  main.o [1]
used                   0x20000050    0x4  Data  Gb  main.o [1]


[1] = C:\arm_dev\stm32f0\stm32f0discovery_fw\STM32F0-Discovery_FW_V1.0.0\Project\Peripheral_Examples\IO_Toggle\EWARM\IO_Toggle\Obj
[2] = command line
[3] = dl6M_tln.a
[4] = rt6M_tl.a
[5] = shb_l.a

  5 322 bytes of readonly  code memory
     16 bytes of readonly  data memory
  1 128 bytes of readwrite data memory

Errors: none
Warnings: none
